

================================================================
== Vivado HLS Report for 'present_rounds'
================================================================
* Date:           Sun Oct  4 15:11:56 2020

* Version:        2018.2 (Build 2258646 on Thu Jun 14 20:25:20 MDT 2018)
* Project:        present_hls
* Solution:       solution1
* Product family: zynq
* Target device:  xc7z020clg400-1


================================================================
== Performance Estimates
================================================================
+ Timing (ns): 
    * Summary: 
    +--------+-------+----------+------------+
    |  Clock | Target| Estimated| Uncertainty|
    +--------+-------+----------+------------+
    |ap_clk  |  10.00|     4.244|        1.25|
    +--------+-------+----------+------------+

+ Latency (clock cycles): 
    * Summary: 
    +-----+-----+-----+-----+---------+
    |  Latency  |  Interval | Pipeline|
    | min | max | min | max |   Type  |
    +-----+-----+-----+-----+---------+
    |   62|   62|   62|   62|   none  |
    +-----+-----+-----+-----+---------+

    + Detail: 
        * Instance: 
        N/A

        * Loop: 
        +----------+-----+-----+----------+-----------+-----------+------+----------+
        |          |  Latency  | Iteration|  Initiation Interval  | Trip |          |
        | Loop Name| min | max |  Latency |  achieved |   target  | Count| Pipelined|
        +----------+-----+-----+----------+-----------+-----------+------+----------+
        |- Loop 1  |   60|   60|         2|          -|          -|    30|    no    |
        +----------+-----+-----+----------+-----------+-----------+------+----------+



================================================================
== Utilization Estimates
================================================================
* Summary: 
+-----------------+---------+-------+--------+-------+
|       Name      | BRAM_18K| DSP48E|   FF   |  LUT  |
+-----------------+---------+-------+--------+-------+
|DSP              |        -|      -|       -|      -|
|Expression       |        -|      -|       0|    187|
|FIFO             |        -|      -|       -|      -|
|Instance         |        -|      -|       -|      -|
|Memory           |       16|      -|       8|      2|
|Multiplexer      |        -|      -|       -|    558|
|Register         |        -|      -|     384|      -|
+-----------------+---------+-------+--------+-------+
|Total            |       16|      0|     392|    747|
+-----------------+---------+-------+--------+-------+
|Available        |      280|    220|  106400|  53200|
+-----------------+---------+-------+--------+-------+
|Utilization (%)  |        5|      0|   ~0   |      1|
+-----------------+---------+-------+--------+-------+

+ Detail: 
    * Instance: 
    N/A

    * DSP48: 
    N/A

    * Memory: 
    +----------------+----------------------+---------+---+----+------+-----+------+-------------+
    |     Memory     |        Module        | BRAM_18K| FF| LUT| Words| Bits| Banks| W*Bits*Banks|
    +----------------+----------------------+---------+---+----+------+-----+------+-------------+
    |sbox_V_U        |present_rounds_sbbkb  |        0|  8|   2|    16|    8|     1|          128|
    |sbox_pmt_3_V_U  |present_rounds_sbcud  |        4|  0|   0|   256|    8|     1|         2048|
    |sbox_pmt_2_V_U  |present_rounds_sbdEe  |        4|  0|   0|   256|    8|     1|         2048|
    |sbox_pmt_1_V_U  |present_rounds_sbeOg  |        4|  0|   0|   256|    8|     1|         2048|
    |sbox_pmt_0_V_U  |present_rounds_sbfYi  |        4|  0|   0|   256|    8|     1|         2048|
    +----------------+----------------------+---------+---+----+------+-----+------+-------------+
    |Total           |                      |       16|  8|   2|  1040|   40|     5|         8320|
    +----------------+----------------------+---------+---+----+------+-----+------+-------------+

    * FIFO: 
    N/A

    * Expression: 
    +----------------------------+----------+-------+---+----+------------+------------+
    |        Variable Name       | Operation| DSP48E| FF| LUT| Bitwidth P0| Bitwidth P1|
    +----------------------------+----------+-------+---+----+------------+------------+
    |round_counter_V_fu_2090_p2  |     +    |      0|  0|  15|           1|           6|
    |exitcond_fu_1939_p2         |   icmp   |      0|  0|  11|           6|           7|
    |tmp_4_fu_1790_p2            |    or    |      0|  0|   4|           4|           4|
    |tmp_s_fu_2230_p2            |    or    |      0|  0|   4|           4|           4|
    |grp_fu_1134_p2              |    xor   |      0|  0|   8|           8|           8|
    |grp_fu_1160_p2              |    xor   |      0|  0|   8|           8|           8|
    |grp_fu_1186_p2              |    xor   |      0|  0|   8|           8|           8|
    |grp_fu_1212_p2              |    xor   |      0|  0|   8|           8|           8|
    |grp_fu_1238_p2              |    xor   |      0|  0|   8|           8|           8|
    |grp_fu_1264_p2              |    xor   |      0|  0|   8|           8|           8|
    |grp_fu_1290_p2              |    xor   |      0|  0|   8|           8|           8|
    |loc_V_1_trunc_fu_1352_p2    |    xor   |      0|  0|   8|           8|           8|
    |loc_V_24_trunc_fu_1949_p2   |    xor   |      0|  0|   8|           8|           8|
    |loc_V_2_trunc_fu_1378_p2    |    xor   |      0|  0|   8|           8|           8|
    |loc_V_3_trunc_fu_1404_p2    |    xor   |      0|  0|   8|           8|           8|
    |loc_V_46_trunc_fu_2100_p2   |    xor   |      0|  0|   8|           8|           8|
    |loc_V_4_trunc_fu_1430_p2    |    xor   |      0|  0|   8|           8|           8|
    |loc_V_5_trunc_fu_1456_p2    |    xor   |      0|  0|   8|           8|           8|
    |loc_V_6_trunc_fu_1482_p2    |    xor   |      0|  0|   8|           8|           8|
    |loc_V_7_trunc_fu_1502_p2    |    xor   |      0|  0|   8|           8|           8|
    |loc_V_trunc_fu_1326_p2      |    xor   |      0|  0|   8|           8|           8|
    |r_V_229_trunc_fu_1815_p2    |    xor   |      0|  0|   9|           8|           9|
    |r_V_326_trunc_fu_2035_p2    |    xor   |      0|  0|   8|           8|           8|
    +----------------------------+----------+-------+---+----+------------+------------+
    |Total                       |          |      0|  0| 187|         167|         174|
    +----------------------------+----------+-------+---+----+------------+------------+

    * Multiplexer: 
    +-----------------------+----+-----------+-----+-----------+
    |          Name         | LUT| Input Size| Bits| Total Bits|
    +-----------------------+----+-----------+-----+-----------+
    |ap_NS_fsm              |  27|          5|    1|          5|
    |ap_return              |   9|          2|   64|        128|
    |p_Val2_10_reg_844      |   9|          2|   80|        160|
    |p_Val2_9_reg_835       |   9|          2|   64|        128|
    |sbox_V_address0        |  15|          3|    4|         12|
    |sbox_pmt_0_V_address0  |  15|          3|    8|         24|
    |sbox_pmt_0_V_address1  |  15|          3|    8|         24|
    |sbox_pmt_0_V_address2  |  15|          3|    8|         24|
    |sbox_pmt_0_V_address3  |  15|          3|    8|         24|
    |sbox_pmt_0_V_address4  |  15|          3|    8|         24|
    |sbox_pmt_0_V_address5  |  15|          3|    8|         24|
    |sbox_pmt_0_V_address6  |  15|          3|    8|         24|
    |sbox_pmt_0_V_address7  |  15|          3|    8|         24|
    |sbox_pmt_1_V_address0  |  15|          3|    8|         24|
    |sbox_pmt_1_V_address1  |  15|          3|    8|         24|
    |sbox_pmt_1_V_address2  |  15|          3|    8|         24|
    |sbox_pmt_1_V_address3  |  15|          3|    8|         24|
    |sbox_pmt_1_V_address4  |  15|          3|    8|         24|
    |sbox_pmt_1_V_address5  |  15|          3|    8|         24|
    |sbox_pmt_1_V_address6  |  15|          3|    8|         24|
    |sbox_pmt_1_V_address7  |  15|          3|    8|         24|
    |sbox_pmt_2_V_address0  |  15|          3|    8|         24|
    |sbox_pmt_2_V_address1  |  15|          3|    8|         24|
    |sbox_pmt_2_V_address2  |  15|          3|    8|         24|
    |sbox_pmt_2_V_address3  |  15|          3|    8|         24|
    |sbox_pmt_2_V_address4  |  15|          3|    8|         24|
    |sbox_pmt_2_V_address5  |  15|          3|    8|         24|
    |sbox_pmt_2_V_address6  |  15|          3|    8|         24|
    |sbox_pmt_2_V_address7  |  15|          3|    8|         24|
    |sbox_pmt_3_V_address0  |  15|          3|    8|         24|
    |sbox_pmt_3_V_address1  |  15|          3|    8|         24|
    |sbox_pmt_3_V_address2  |  15|          3|    8|         24|
    |sbox_pmt_3_V_address3  |  15|          3|    8|         24|
    |sbox_pmt_3_V_address4  |  15|          3|    8|         24|
    |sbox_pmt_3_V_address5  |  15|          3|    8|         24|
    |sbox_pmt_3_V_address6  |  15|          3|    8|         24|
    |sbox_pmt_3_V_address7  |  15|          3|    8|         24|
    |t_V_reg_853            |   9|          2|    6|         12|
    +-----------------------+----+-----------+-----+-----------+
    |Total                  | 558|        112|  475|       1213|
    +-----------------------+----+-----------+-----+-----------+

    * Register: 
    +--------------------------+----+----+-----+-----------+
    |           Name           | FF | LUT| Bits| Const Bits|
    +--------------------------+----+----+-----+-----------+
    |ap_CS_fsm                 |   4|   0|    4|          0|
    |ap_return_preg            |  64|   0|   64|          0|
    |p_Val2_10_reg_844         |  80|   0|   80|          0|
    |p_Val2_9_reg_835          |  64|   0|   64|          0|
    |r_V_204_trunc_reg_2247    |   8|   0|    8|          0|
    |r_V_207_trunc_reg_2257    |   8|   0|    8|          0|
    |r_V_210_trunc_reg_2263    |   8|   0|    8|          0|
    |r_V_213_trunc_reg_2268    |   8|   0|    8|          0|
    |r_V_216_trunc_reg_2273    |   8|   0|    8|          0|
    |r_V_219_trunc_reg_2278    |   8|   0|    8|          0|
    |r_V_225_trunc_reg_2293    |   8|   0|    8|          0|
    |r_V_326_trunc_reg_2641    |   8|   0|    8|          0|
    |r_V_s_reg_2288            |   5|   0|    5|          0|
    |round_counter_V_reg_2671  |   6|   0|    6|          0|
    |t_V_reg_853               |   6|   0|    6|          0|
    |tmp_2_reg_2303            |   4|   0|    4|          0|
    |tmp_3_reg_2283            |   3|   0|    3|          0|
    |tmp_62_reg_2661           |  40|   0|   40|          0|
    |tmp_63_reg_2666           |  13|   0|   13|          0|
    |tmp_81_reg_2656           |  11|   0|   11|          0|
    |tmp_8_reg_2651            |   4|   0|    4|          0|
    |tmp_reg_2252              |  16|   0|   16|          0|
    +--------------------------+----+----+-----+-----------+
    |Total                     | 384|   0|  384|          0|
    +--------------------------+----+----+-----+-----------+



================================================================
== Interface
================================================================
* Summary: 
+-----------+-----+-----+------------+----------------+--------------+
| RTL Ports | Dir | Bits|  Protocol  |  Source Object |    C Type    |
+-----------+-----+-----+------------+----------------+--------------+
|ap_clk     |  in |    1| ap_ctrl_hs | present_rounds | return value |
|ap_rst     |  in |    1| ap_ctrl_hs | present_rounds | return value |
|ap_start   |  in |    1| ap_ctrl_hs | present_rounds | return value |
|ap_done    | out |    1| ap_ctrl_hs | present_rounds | return value |
|ap_idle    | out |    1| ap_ctrl_hs | present_rounds | return value |
|ap_ready   | out |    1| ap_ctrl_hs | present_rounds | return value |
|ap_return  | out |   64| ap_ctrl_hs | present_rounds | return value |
|plain_V    |  in |   64|   ap_none  |     plain_V    |    scalar    |
|key_V      |  in |   80|   ap_none  |      key_V     |    scalar    |
+-----------+-----+-----+------------+----------------+--------------+

